#-----------------------------------------------------------
# PlanAhead v14.7
# Build 321239 by xbuild on Fri Sep 27 19:31:35 MDT 2013
# Start of session at: Thu Nov 29 15:09:43 2018
# Process ID: 15236
# Log file: C:/Users/jyx/Desktop/learn/Code/git/THUCS_ThinPad/planAhead_run_1/planAhead.log
# Journal file: C:/Users/jyx/Desktop/learn/Code/git/THUCS_ThinPad/planAhead_run_1/planAhead.jou
#-----------------------------------------------------------
start_gui
source C:/Users/jyx/Desktop/learn/Code/git/THUCS_ThinPad/pa.fromNetlist.tcl
set_property package_pin "" [get_ports [list  clk]]
set_property package_pin "" [get_ports [list  {ledA[6]}]]
startgroup
set_property package_pin A14 [get_ports {ledA[7]}]
endgroup
startgroup
set_property package_pin E13 [get_ports {ledA[6]}]
endgroup
startgroup
set_property package_pin D13 [get_ports {ledA[5]}]
endgroup
startgroup
set_property package_pin B13 [get_ports {ledA[4]}]
endgroup
startgroup
set_property package_pin A13 [get_ports {ledA[3]}]
endgroup
startgroup
set_property package_pin F12 [get_ports {ledA[2]}]
endgroup
startgroup
set_property package_pin E12 [get_ports {ledA[1]}]
endgroup
startgroup
set_property package_pin A12 [get_ports {ledA[0]}]
endgroup
startgroup
set_property package_pin F11 [get_ports {ledB[7]}]
endgroup
startgroup
set_property package_pin E11 [get_ports {ledB[6]}]
endgroup
startgroup
set_property package_pin D11 [get_ports {ledB[5]}]
endgroup
startgroup
set_property package_pin C11 [get_ports {ledB[4]}]
endgroup
startgroup
set_property package_pin B11 [get_ports {ledB[3]}]
endgroup
set_property package_pin "" [get_ports [list  {ledB[1]}]]
startgroup
set_property package_pin A11 [get_ports {ledB[2]}]
endgroup
startgroup
set_property package_pin E10 [get_ports {ledB[1]}]
endgroup
startgroup
set_property package_pin D10 [get_ports {ledB[0]}]
endgroup
startgroup
set_property package_pin U9 [get_ports clk]
endgroup
startgroup
set_property package_pin U10 [get_ports rst]
endgroup
save_constraints
